// Vitest Snapshot v1, https://vitest.dev/guide/snapshot.html

exports[`Header Component Tests > Should be able to snapshot the component correctly 1`] = `"<header class="layout container justify-center min-w-full border-b" data-testid="Header"> Header </header>"`;
