// Vitest Snapshot v1, https://vitest.dev/guide/snapshot.html

exports[`Badges Component Tests > Should be able to snapshot the component correctly 1`] = `
"<ul class="flex gap-4 flex-wrap justify-center" data-testid="Badges">
  <li class="flex gap-2 min-w-64">
    <div><a href="https://github.com/bush1D3v" target="_blank" rel="no-referrer" class="hover:opacity-50 duration-150 ease-in-out" data-testid="Link">
        <div class="relative w-[80px] h-[80px]">
          <div class="animate-pulse bg-surface flex justify-center items-center w-full h-full absolute rounded-full"><svg class="w-8 h-8" aria-hidden="true" xmlns="http://www.w3.org/2000/svg" fill="currentColor" viewBox="0 0 20 18" role="img" focusable="false" aria-labelledby="svgTitle svgDesc">
              <title id="svgTitle">Image Placeholder</title>
              <desc id="svgDesc">A placeholder image in the shape of a rectangle with a mountain icon.</desc>
              <path d="M18 0H2a2 2 0 0 0-2 2v14a2 2 0 0 0 2 2h16a2 2 0 0 0 2-2V2a2 2 0 0 0-2-2Zm-5.5 4a1.5 1.5 0 1 1 0 3 1.5 1.5 0 0 1 0-3Zm4.376 10.481A1 1 0 0 1 16 15H4a1 1 0 0 1-.895-1.447l3.5-7A1 1 0 0 1 7.468 6a.965.965 0 0 1 .9.5l2.775 4.757 1.546-1.887a1 1 0 0 1 1.618.1l2.541 4a1 1 0 0 1 .028 1.011Z"></path>
            </svg></div><img src="https://github.com/bush1D3v.png" alt="Victor Navarro photo" width="80" height="80" class="rounded-full" data-testid="Image">
        </div>
      </a></div>
    <div class="flex flex-col">
      <div class="flex flex-col gap-y-0">
        <h3>Victor Navarro</h3><span class="ml-[2px] -mt-[6px]">Software Engineer</span>
      </div><button class="inline-flex items-center whitespace-nowrap rounded-md text-sm font-medium transition-colors focus-visible:outline-none focus-visible:ring-1 focus-visible:ring-ring disabled:pointer-events-none disabled:opacity-50 text-primary underline-offset-4 hover:underline duration-300 h-9 p-0 justify-start w-fit" data-testid="HoverCardButton" data-state="closed" data-grace-area-trigger=""><span>@bush1D3v</span> </button>
      <!--teleport start-->
      <!--teleport end-->
    </div>
  </li>
  <li class="flex gap-2 min-w-64">
    <div><a href="https://github.com/eracksonsouza" target="_blank" rel="no-referrer" class="hover:opacity-50 duration-150 ease-in-out" data-testid="Link">
        <div class="relative w-[80px] h-[80px]">
          <div class="animate-pulse bg-surface flex justify-center items-center w-full h-full absolute rounded-full"><svg class="w-8 h-8" aria-hidden="true" xmlns="http://www.w3.org/2000/svg" fill="currentColor" viewBox="0 0 20 18" role="img" focusable="false" aria-labelledby="svgTitle svgDesc">
              <title id="svgTitle">Image Placeholder</title>
              <desc id="svgDesc">A placeholder image in the shape of a rectangle with a mountain icon.</desc>
              <path d="M18 0H2a2 2 0 0 0-2 2v14a2 2 0 0 0 2 2h16a2 2 0 0 0 2-2V2a2 2 0 0 0-2-2Zm-5.5 4a1.5 1.5 0 1 1 0 3 1.5 1.5 0 0 1 0-3Zm4.376 10.481A1 1 0 0 1 16 15H4a1 1 0 0 1-.895-1.447l3.5-7A1 1 0 0 1 7.468 6a.965.965 0 0 1 .9.5l2.775 4.757 1.546-1.887a1 1 0 0 1 1.618.1l2.541 4a1 1 0 0 1 .028 1.011Z"></path>
            </svg></div><img src="https://github.com/eracksonsouza.png" alt="Erackson Souza photo" width="80" height="80" class="rounded-full" data-testid="Image">
        </div>
      </a></div>
    <div class="flex flex-col">
      <div class="flex flex-col gap-y-0">
        <h3>Erackson Souza</h3><span class="ml-[2px] -mt-[6px]">Frontend Developer</span>
      </div><button class="inline-flex items-center whitespace-nowrap rounded-md text-sm font-medium transition-colors focus-visible:outline-none focus-visible:ring-1 focus-visible:ring-ring disabled:pointer-events-none disabled:opacity-50 text-primary underline-offset-4 hover:underline duration-300 h-9 p-0 justify-start w-fit" data-testid="HoverCardButton" data-state="closed" data-grace-area-trigger=""><span>@eracksonsouza</span> </button>
      <!--teleport start-->
      <!--teleport end-->
    </div>
  </li>
  <li class="flex gap-2 min-w-64">
    <div><a href="https://github.com/IsraelPina32" target="_blank" rel="no-referrer" class="hover:opacity-50 duration-150 ease-in-out" data-testid="Link">
        <div class="relative w-[80px] h-[80px]">
          <div class="animate-pulse bg-surface flex justify-center items-center w-full h-full absolute rounded-full"><svg class="w-8 h-8" aria-hidden="true" xmlns="http://www.w3.org/2000/svg" fill="currentColor" viewBox="0 0 20 18" role="img" focusable="false" aria-labelledby="svgTitle svgDesc">
              <title id="svgTitle">Image Placeholder</title>
              <desc id="svgDesc">A placeholder image in the shape of a rectangle with a mountain icon.</desc>
              <path d="M18 0H2a2 2 0 0 0-2 2v14a2 2 0 0 0 2 2h16a2 2 0 0 0 2-2V2a2 2 0 0 0-2-2Zm-5.5 4a1.5 1.5 0 1 1 0 3 1.5 1.5 0 0 1 0-3Zm4.376 10.481A1 1 0 0 1 16 15H4a1 1 0 0 1-.895-1.447l3.5-7A1 1 0 0 1 7.468 6a.965.965 0 0 1 .9.5l2.775 4.757 1.546-1.887a1 1 0 0 1 1.618.1l2.541 4a1 1 0 0 1 .028 1.011Z"></path>
            </svg></div><img src="https://github.com/IsraelPina32.png" alt="Israel Pina photo" width="80" height="80" class="rounded-full" data-testid="Image">
        </div>
      </a></div>
    <div class="flex flex-col">
      <div class="flex flex-col gap-y-0">
        <h3>Israel Pina</h3><span class="ml-[2px] -mt-[6px]">FullStack Developer</span>
      </div><button class="inline-flex items-center whitespace-nowrap rounded-md text-sm font-medium transition-colors focus-visible:outline-none focus-visible:ring-1 focus-visible:ring-ring disabled:pointer-events-none disabled:opacity-50 text-primary underline-offset-4 hover:underline duration-300 h-9 p-0 justify-start w-fit" data-testid="HoverCardButton" data-state="closed" data-grace-area-trigger=""><span>@IsraelPina32</span> </button>
      <!--teleport start-->
      <!--teleport end-->
    </div>
  </li>
</ul>"
`;
