// Vitest Snapshot v1, https://vitest.dev/guide/snapshot.html

exports[`Image Component Tests > Should be able to snapshot the component correctly 1`] = `
"<div class="relative w-[80px] h-[80px]">
  <div class="animate-pulse bg-surface flex justify-center items-center w-full h-full absolute rounded-full"><svg class="w-8 h-8" aria-hidden="true" xmlns="http://www.w3.org/2000/svg" fill="currentColor" viewBox="0 0 20 18" role="img" focusable="false" aria-labelledby="svgTitle svgDesc">
      <title id="svgTitle">Image Placeholder</title>
      <desc id="svgDesc">A placeholder image in the shape of a rectangle with a mountain icon.</desc>
      <path d="M18 0H2a2 2 0 0 0-2 2v14a2 2 0 0 0 2 2h16a2 2 0 0 0 2-2V2a2 2 0 0 0-2-2Zm-5.5 4a1.5 1.5 0 1 1 0 3 1.5 1.5 0 0 1 0-3Zm4.376 10.481A1 1 0 0 1 16 15H4a1 1 0 0 1-.895-1.447l3.5-7A1 1 0 0 1 7.468 6a.965.965 0 0 1 .9.5l2.775 4.757 1.546-1.887a1 1 0 0 1 1.618.1l2.541 4a1 1 0 0 1 .028 1.011Z"></path>
    </svg></div><img src="https://via.placeholder.com/80" alt="image" width="80" height="80" class="w-20 h-20 rounded-full" data-testid="Image">
</div>"
`;
